The little red hen said to Mick, no thank you not today sir.
And then all the barnes animals shouted out in glee.
No more misery!
cows
and cats
