

#include "test2.h"


int f(int x){
  return x;
}


