test11.dat
test12.dat
test13.dat
test14.dat
test15.dat