#ifndef TEST2_H
#define TEST2_H
int f(int x);
#endif
